# 当前目录Docker状况
